npm warn Unknown env config "http-proxy". This will stop working in the next major version of npm.

> rubykaigi-wasm-lab@0.1.0 build
> vite build

vite v6.4.4 building for production...
node_modules/@electric-sql/pglite/dist/fs/nodefs.js (1:198): "resolve" is not exported by "__vite-browser-external", imported by "node_modules/@electric-sql/pglite/dist/fs/nodefs.js".
node_modules/@electric-sql/pglite/dist/fs/nodefs.js (1:211): "existsSync" is not exported by "__vite-browser-external", imported by "node_modules/@electric-sql/pglite/dist/fs/nodefs.js".
node_modules/@electric-sql/pglite/dist/fs/nodefs.js (1:224): "join" is not exported by "__vite-browser-external", imported by "node_modules/@electric-sql/pglite/dist/fs/nodefs.js".
node_modules/@electric-sql/pglite/dist/fs/nodefs.js (1:247): "mkdirSync" is not exported by "__vite-browser-external", imported by "node_modules/@electric-sql/pglite/dist/fs/nodefs.js".
node_modules/@electric-sql/pglite/dist/index.js (1:89717): Use of eval in "node_modules/@electric-sql/pglite/dist/index.js" is strongly discouraged as it poses security risks and may cause issues with minification.
node_modules/@electric-sql/pglite/dist/index.js (1:90198): Use of eval in "node_modules/@electric-sql/pglite/dist/index.js" is strongly discouraged as it poses security risks and may cause issues with minification.
transforming...
✓ 145 modules transformed.
rendering chunks...
computing gzip size...
dist/assets/__vite-browser-external-9wXp6ZBx.js         0.03 kB
dist/assets/nodefs-waCckZLL.js                          0.42 kB
dist/index.html                                         2.83 kB │ gzip:     1.61 kB
dist/assets/opfs-ahp-rOa_OgXR.js                       10.02 kB
dist/assets/rails.worker-B9yFwT3J.js                  457.11 kB
dist/assets/duckdb-browser-eh.worker-Dr8caoCF.js      765.39 kB
dist/assets/duckdb-browser-mvp.worker-BU4f-ubc.js     829.22 kB
dist/assets/postgres-CkP7QCDB.data                  5,401.75 kB
dist/assets/postgres-CyuUVpXN.wasm                  8,090.73 kB │ gzip: 2,782.95 kB
dist/assets/duckdb-eh-CY01qZ36.wasm                32,628.19 kB │ gzip: 7,105.17 kB
dist/assets/duckdb-mvp-Cx8s1fVm.wasm               37,374.04 kB │ gzip: 8,059.08 kB
dist/assets/index-DlKxNdHT.css                          2.57 kB │ gzip:     1.01 kB
dist/assets/index-D6HB0Jv6.js                         195.26 kB │ gzip:    47.09 kB
✓ built in 2.87s
